Arguments: 
  C:\Program Files\nodejs\node.exe C:\Users\User\AppData\Roaming\npm\node_modules\yarn\bin\yarn.js add electron-builder --dev

PATH: 
  C:\Users\User\bin;C:\Program Files\Git\mingw64\bin;C:\Program Files\Git\usr\local\bin;C:\Program Files\Git\usr\bin;C:\Program Files\Git\usr\bin;C:\Program Files\Git\mingw64\bin;C:\Program Files\Git\usr\bin;C:\Users\User\bin;C:\Program Files\Intel\iCLS Client;C:\Windows\system32;C:\Windows;C:\Windows\System32\Wbem;C:\Windows\System32\WindowsPowerShell\v1.0;C:\Windows\System32\OpenSSH;C:\Program Files (x86)\Intel\Services\IPT;C:\Program Files\Intel\WiFi\bin;C:\Program Files\Common Files\Intel\WirelessCommon;C:\Program Files\Git\cmd;C:\Program Files (x86)\Intel\Intel(R) Management Engine Components\DAL;C:\Program Files\Intel\Intel(R) Management Engine Components\DAL;C:\Program Files\nodejs;C:\Users\User\AppData\Local\Microsoft\WindowsApps;C:\Program Files\Intel\WiFi\bin;C:\Program Files\Common Files\Intel\WirelessCommon;C:\Users\User\AppData\Local\Programs\Microsoft VS Code\bin;C:\Users\User\AppData\Roaming\npm;C:\Program Files\Git\usr\bin\vendor_perl;C:\Program Files\Git\usr\bin\core_perl

Yarn version: 
  1.15.2

Node version: 
  10.15.3

Platform: 
  win32 x64

Trace: 
  Error: EBUSY: resource busy or locked, unlink 'C:\Users\User\Documents\Projects\BBtrader\node_modules\electron\dist\chrome_100_percent.pak'

npm manifest: 
  {
    "name": "bbtrader",
    "version": "1.0.0",
    "description": "Binary Bot Trading Application for Binary.com",
    "main": "main.js",
    "scripts": {
      "start": "electron ."
    },
    "author": "Wilbur Shearer",
    "license": "ISC",
    "devDependencies": {
      "electron": "4.1.4",
      "electron-builder": "^20.39.0"
    },
    "dependencies": {
      "binary-live-api": "^29.0.0",
      "electron-settings": "^3.2.0",
      "install-peers": "^1.0.3",
      "jquery": "^3.4.0",
      "jsdom": "^14.0.0",
      "moment": "^2.24.0",
      "nedb": "^1.8.0",
      "stats-lite": "^2.2.0",
      "techan": "^0.8.0",
      "technicalindicators": "^1.1.13",
      "ws": "^6.2.1"
    },
    "repository": {
      "type": "git",
      "url": "\u0016https://github.com/wilburforce83/BBtrader.git"
    }
  }

yarn manifest: 
  No manifest

Lockfile: 
  No lockfile
